+ 2026-03-29 15:08:30 make_fcsts.sh: FCSTDATE=20260305
+ 2026-03-29 15:08:30 make_fcsts.sh: CONFIG_IN=/home/kpegion/projects/subc_workflow/.tmp_smoke/config.smoke.yaml
++ 2026-03-29 15:08:30 make_fcsts.sh: python3 -c 'import os,sys; print(os.path.abspath(sys.argv[1]))' /home/kpegion/projects/subc_workflow/.tmp_smoke/config.smoke.yaml
+ 2026-03-29 15:08:30 make_fcsts.sh: CONFIG=/home/kpegion/projects/subc_workflow/.tmp_smoke/config.smoke.yaml
+ 2026-03-29 15:08:30 make_fcsts.sh: [[ -z 20260305 ]]
+ 2026-03-29 15:08:30 make_fcsts.sh: [[ -z /home/kpegion/projects/subc_workflow/.tmp_smoke/config.smoke.yaml ]]
+ 2026-03-29 15:08:30 make_fcsts.sh: [[ ! -f /home/kpegion/projects/subc_workflow/.tmp_smoke/config.smoke.yaml ]]
+ 2026-03-29 15:08:30 make_fcsts.sh: echo '==> [make_fcsts] Start for FCSTDATE=20260305 CONFIG=/home/kpegion/projects/subc_workflow/.tmp_smoke/config.smoke.yaml'
==> [make_fcsts] Start for FCSTDATE=20260305 CONFIG=/home/kpegion/projects/subc_workflow/.tmp_smoke/config.smoke.yaml
++ 2026-03-29 15:08:30 make_fcsts.sh: python3 -c '
import sys, signal, yaml, traceback
signal.signal(signal.SIGPIPE, signal.SIG_DFL)
try:
    with open(sys.argv[1], "r") as f: print((yaml.safe_load(f) or {})["paths"]["out_weekly"])
except Exception: traceback.print_exc(); sys.exit(1)
' /home/kpegion/projects/subc_workflow/.tmp_smoke/config.smoke.yaml
+++ 2026-03-29 15:08:30 make_fcsts.sh: sed 's/^/[PYERR] /'
+ 2026-03-29 15:08:30 make_fcsts.sh: OUTW=/home/kpegion/projects/subc_workflow/.tmp_smoke/out_weekly
++ 2026-03-29 15:08:30 make_fcsts.sh: python3 -c '
import sys, signal, yaml, traceback
signal.signal(signal.SIGPIPE, signal.SIG_DFL)
try:
    with open(sys.argv[1], "r") as f: print((yaml.safe_load(f) or {})["paths"]["out_daily"])
except Exception: traceback.print_exc(); sys.exit(1)
' /home/kpegion/projects/subc_workflow/.tmp_smoke/config.smoke.yaml
+++ 2026-03-29 15:08:30 make_fcsts.sh: sed 's/^/[PYERR] /'
+ 2026-03-29 15:08:30 make_fcsts.sh: OUTD=/home/kpegion/projects/subc_workflow/.tmp_smoke/out_daily
+ 2026-03-29 15:08:30 make_fcsts.sh: mkdir -p /home/kpegion/projects/subc_workflow/.tmp_smoke/out_weekly/20260305/images /home/kpegion/projects/subc_workflow/.tmp_smoke/out_weekly/20260305/data /home/kpegion/projects/subc_workflow/.tmp_smoke/out_daily/20260305/data
+ 2026-03-29 15:08:30 make_fcsts.sh: LOCK=/home/kpegion/projects/subc_workflow/.tmp_smoke/out_weekly/20260305/subxfcst.lock
+ 2026-03-29 15:08:30 make_fcsts.sh: touch /home/kpegion/projects/subc_workflow/.tmp_smoke/out_weekly/20260305/subxfcst.lock
+ 2026-03-29 15:08:30 make_fcsts.sh: trap cleanup EXIT
+ 2026-03-29 15:08:30 make_fcsts.sh: echo '==> [make_fcsts] Validation'
==> [make_fcsts] Validation
+ 2026-03-29 15:08:30 make_fcsts.sh: stdbuf -oL -eL python3 validate_realtime.py --config /home/kpegion/projects/subc_workflow/.tmp_smoke/config.smoke.yaml --fcstdate 20260305 --outdir /home/kpegion/projects/subc_workflow/.tmp_smoke/out_weekly/20260305/data
[MISSING] EMC/GEFSv12_CPC -> GEFSv12_CPC var=pr matches=0
[WARN] Missing realtime inputs for 1 model-variable combinations.
+ 2026-03-29 15:08:30 make_fcsts.sh: echo '==> [make_fcsts] Forecast'
==> [make_fcsts] Forecast
+ 2026-03-29 15:08:30 make_fcsts.sh: stdbuf -oL -eL python3 forecast.py --config /home/kpegion/projects/subc_workflow/.tmp_smoke/config.smoke.yaml --fcstdate 20260305 --save
[INFO] fcstdate=20260305
[MODEL] server=EMC-GEFSv12_CPC  local=EMC-GEFSv12_CPC
  - no files matched /home/kpegion/projects/subc_workflow/.tmp_smoke/rt/EMC-GEFSv12_CPC/forecast/pr/pr_EMC-GEFSv12_CPC_*.daily.nc
Traceback (most recent call last):
  File "/home/kpegion/projects/subc_workflow/forecast.py", line 266, in <module>
    main()
  File "/home/kpegion/projects/subc_workflow/forecast.py", line 176, in main
    raise RuntimeError("No model anomalies assembled for this forecast date.")
RuntimeError: No model anomalies assembled for this forecast date.
++ 2026-03-29 15:08:32 make_fcsts.sh: code=1
++ 2026-03-29 15:08:32 make_fcsts.sh: echo '[ERROR] make_fcsts.sh failed (exit 1) at line 45'
[ERROR] make_fcsts.sh failed (exit 1) at line 45
++ 2026-03-29 15:08:32 make_fcsts.sh: exit 1
+ 2026-03-29 15:08:32 make_fcsts.sh: cleanup
+ 2026-03-29 15:08:32 make_fcsts.sh: rm -f /home/kpegion/projects/subc_workflow/.tmp_smoke/out_weekly/20260305/subxfcst.lock
