+ 2026-03-29 16:23:18 pycpt_run.sh: FCSTDATE=20260305
+ 2026-03-29 16:23:18 pycpt_run.sh: CONFIG_IN=/home/kpegion/projects/subc_workflow/.tmp_smoke/config.smoke.yaml
++ 2026-03-29 16:23:18 pycpt_run.sh: python3 -c 'import os,sys; print(os.path.abspath(sys.argv[1]))' /home/kpegion/projects/subc_workflow/.tmp_smoke/config.smoke.yaml
+ 2026-03-29 16:23:18 pycpt_run.sh: CONFIG=/home/kpegion/projects/subc_workflow/.tmp_smoke/config.smoke.yaml
+ 2026-03-29 16:23:18 pycpt_run.sh: [[ -z 20260305 ]]
+ 2026-03-29 16:23:18 pycpt_run.sh: [[ -z /home/kpegion/projects/subc_workflow/.tmp_smoke/config.smoke.yaml ]]
+ 2026-03-29 16:23:18 pycpt_run.sh: [[ ! -f /home/kpegion/projects/subc_workflow/.tmp_smoke/config.smoke.yaml ]]
+ 2026-03-29 16:23:18 pycpt_run.sh: echo '==> [pycpt_run] Using FCSTDATE=20260305 CONFIG=/home/kpegion/projects/subc_workflow/.tmp_smoke/config.smoke.yaml'
==> [pycpt_run] Using FCSTDATE=20260305 CONFIG=/home/kpegion/projects/subc_workflow/.tmp_smoke/config.smoke.yaml
+ 2026-03-29 16:23:18 pycpt_run.sh: readarray -t LINES
++ 2026-03-29 16:23:18 pycpt_run.sh: python3 -c '
import sys, signal, yaml, traceback
signal.signal(signal.SIGPIPE, signal.SIG_DFL)
try:
    cfg=yaml.safe_load(open(sys.argv[1])) or {}
    def to_negpos(lons): return [ (lo-360 if (lo is not None and lo>180) else lo) for lo in lons ]
    for r in cfg.get("regions", []):
        name = r.get("name","<no-name>")
        p = r.get("pycpt") or {}
        lat, lon = p.get("lat"), p.get("lon")
        if not lat or not lon:
            subx = r.get("subx") or {}
            slat, slon = subx.get("lat"), subx.get("lon")
            if slat and len(slat)==2 and slon and len(slon)==2:
                lat, lon = slat, to_negpos(slon)
            else:
                lat, lon = [None,None], [None,None]
        print(f"{name}|{lat[0]} {lat[1]}|{lon[0]} {lon[1]}")
except Exception:
    traceback.print_exc()
    sys.exit(1)
' /home/kpegion/projects/subc_workflow/.tmp_smoke/config.smoke.yaml
+++ 2026-03-29 16:23:18 pycpt_run.sh: sed 's/^/[PYERR] /'
++ 2026-03-29 16:23:19 pycpt_run.sh: python3 -c '
import sys, signal, yaml, traceback
signal.signal(signal.SIGPIPE, signal.SIG_DFL)
try:
    print((yaml.safe_load(open(sys.argv[1])) or {})["pycpt"]["training_season"])
except Exception:
    traceback.print_exc()
    sys.exit(1)
' /home/kpegion/projects/subc_workflow/.tmp_smoke/config.smoke.yaml
+++ 2026-03-29 16:23:19 pycpt_run.sh: sed 's/^/[PYERR] /'
+ 2026-03-29 16:23:19 pycpt_run.sh: SEAS=Feb-Apr
+ 2026-03-29 16:23:19 pycpt_run.sh: echo '==> [pycpt_run] Regions to run:'
==> [pycpt_run] Regions to run:
+ 2026-03-29 16:23:19 pycpt_run.sh: for line in "${LINES[@]}"
+ 2026-03-29 16:23:19 pycpt_run.sh: echo '   TestRegion|0 13|-60 -73'
   TestRegion|0 13|-60 -73
+ 2026-03-29 16:23:19 pycpt_run.sh: for line in "${LINES[@]}"
+ 2026-03-29 16:23:19 pycpt_run.sh: IFS='|'
+ 2026-03-29 16:23:19 pycpt_run.sh: read -r REG LATS LONS
+ 2026-03-29 16:23:19 pycpt_run.sh: [[ 0 13 == \N\o\n\e\ \N\o\n\e ]]
+ 2026-03-29 16:23:19 pycpt_run.sh: [[ -60 -73 == \N\o\n\e\ \N\o\n\e ]]
+ 2026-03-29 16:23:19 pycpt_run.sh: echo '==> [pycpt_run] Running PyCPT for region '\''TestRegion'\'' (LATS=0 13 LONS=-60 -73 SEAS=Feb-Apr)'
==> [pycpt_run] Running PyCPT for region 'TestRegion' (LATS=0 13 LONS=-60 -73 SEAS=Feb-Apr)
+ 2026-03-29 16:23:19 pycpt_run.sh: stdbuf -oL -eL ./pycpt_s2s_realtime.py --regname TestRegion --lat_minmax 0 13 --lon_minmax -60 -73 --training_season Feb-Apr --fcstdate 20260305 --config /home/kpegion/projects/subc_workflow/.tmp_smoke/config.smoke.yaml
Input data will be saved in /home/kpegion/projects/subc_workflow/.tmp_smoke/pycpt/20260305/-73.0W--60.0E_to_0.0S-13.0N/data
Figures will be saved in /home/kpegion/projects/subc_workflow/.tmp_smoke/pycpt/20260305/-73.0W--60.0E_to_0.0S-13.0N/figures
Output will be saved in /home/kpegion/projects/subc_workflow/.tmp_smoke/pycpt/20260305/-73.0W--60.0E_to_0.0S-13.0N/output
Downloading predictor model hindcast datasets
Traceback (most recent call last):
  File "/home/kpegion/miniconda3/envs/subc_workflow_env/lib/python3.10/site-packages/cptdl/utilities.py", line 124, in download
    url = evaluate_url(baseurl, **kwargs)
  File "/home/kpegion/miniconda3/envs/subc_workflow_env/lib/python3.10/site-packages/cptdl/utilities.py", line 84, in evaluate_url
    return eval('f"{}"'.format(url))
  File "<string>", line 1, in <module>
NameError: name 'training_season' is not defined

During handling of the above exception, another exception occurred:

Traceback (most recent call last):
  File "/home/kpegion/projects/subc_workflow/./pycpt_s2s_realtime.py", line 200, in <module>
    main()
  File "/home/kpegion/projects/subc_workflow/./pycpt_s2s_realtime.py", line 118, in main
    hindcast_data, Y, forecast_data = subseasonal.download_data(
  File "/home/kpegion/miniconda3/envs/subc_workflow_env/lib/python3.10/site-packages/pycpt/subseasonal.py", line 73, in download_data
    hindcasts = download_hindcasts(
  File "/home/kpegion/miniconda3/envs/subc_workflow_env/lib/python3.10/site-packages/pycpt/subseasonal.py", line 104, in download_hindcasts
    X = dl.download(
  File "/home/kpegion/miniconda3/envs/subc_workflow_env/lib/python3.10/site-packages/cptdl/utilities.py", line 126, in download
    raise PyCPT_ERROR("You must pass all the required arguments for this URL as keyword arguments in .download(...). \n URL: {}\n ARGS: {}".format(baseurl, kwargs))
cptdl.utilities.PyCPT_ERROR: You must pass all the required arguments for this URL as keyword arguments in .download(...). 
 URL: https://iridl.ldeo.columbia.edu/SOURCES/.Models/.SubX/.EMC/.GEFSv12_CPC/.hindcast/.weekly/.pr/S/(0000%206%20Jan%201999)/(0000%2028%20Jun%202017)/RANGEEDGES/S/(days%20since%201999-01-01)/streamgridunitconvert/Y/{predictor_extent['south']}/{predictor_extent['north']}/RANGE/X/{predictor_extent['west']}/{predictor_extent['east']}/RANGE/L/{day1}/{day2}/RANGEEDGES/%5BM%5Daverage/L/{nday}/runningAverage/SOURCES/.Models/.SubX/.EMC/.GEFSv12_CPC/.hindcast/.dc0018/.pr/X/{predictor_extent['west']}/{predictor_extent['east']}/RANGE/Y/{predictor_extent['south']}/{predictor_extent['north']}/RANGE/L/{day1}/{day2}/RANGEEDGES/L/{nday}/runningAverage/S/to366daysample/%5BYR%5Daverage/S/sampleDOY/sub/S/({training_season})/VALUES/L/removeGRID/S/(T)/renameGRID/c%3A/0.001/(m3%20kg-1)/%3Ac/mul/c%3A/1000/(mm%20m-1)/%3Ac/mul/c%3A/7.0//units//days/def/%3Ac/mul/grid%3A//name/(T)/def//units/(months%20since%201960-01-01)/def//standard_name/(time)/def//pointwidth/1/def/16/Jan/1700/ensotime/12./16/Jan/2100/ensotime/%3Agrid/use_as_grid/T//pointwidth/1/def/pop//name/(tp)/def//units/(mm)/def//long_name/(precipitation_amount)/def/-999/setmissing_value/{'%5BX/Y%5D%5BT%5Dcptv10.tsv' if filetype == 'cptv10.tsv' else 'data.nc'}
 ARGS: {'fdate': datetime.datetime(2026, 3, 5, 0, 0), 'leads': [('Week 1', 1, 7), ('Week 2', 8, 14), ('Week 3', 15, 21), ('Week 4', 22, 28)], 'target': 'Mar', 'predictor_extent': {'east': -60.0, 'west': -73.0, 'north': 13.0, 'south': 0.0}, 'predictand_extent': {'east': -60.0, 'west': -73.0, 'north': 13.0, 'south': 0.0}, 'filetype': 'cptv10.tsv', 'day1': 1.5, 'day2': 7.5, 'nday': 7}
++ 2026-03-29 16:23:24 pycpt_run.sh: code=1
++ 2026-03-29 16:23:24 pycpt_run.sh: echo '[ERROR] pycpt_run.sh failed (exit 1) at line 75'
[ERROR] pycpt_run.sh failed (exit 1) at line 75
++ 2026-03-29 16:23:24 pycpt_run.sh: exit 1
